<?xml version="1.0" encoding="ISO-8859-1" ?>
<link_info>
   <banner>TI ARM Linker Unix v19.6.0.STS</banner>
   <copyright>Copyright (c) 1996-2018 Texas Instruments Incorporated</copyright>
   <link_time>0x5e86ae9b</link_time>
   <link_errors>0x0</link_errors>
   <output_file>TM4C123_FLASH.out</output_file>
   <entry_point>
      <name>_c_int00_noargs</name>
      <address>0x2b25</address>
   </entry_point>
   <input_file_list>
      <input_file id="fl-1">
         <path>./</path>
         <kind>object</kind>
         <file>main.obj</file>
         <name>main.obj</name>
      </input_file>
      <input_file id="fl-2">
         <path>./</path>
         <kind>object</kind>
         <file>tm4c123gh6pm_startup_ccs.obj</file>
         <name>tm4c123gh6pm_startup_ccs.obj</name>
      </input_file>
      <input_file id="fl-3">
         <path>./Source Driver/</path>
         <kind>object</kind>
         <file>EEPROM.obj</file>
         <name>EEPROM.obj</name>
      </input_file>
      <input_file id="fl-4">
         <path>./Source Driver/</path>
         <kind>object</kind>
         <file>FLASH.obj</file>
         <name>FLASH.obj</name>
      </input_file>
      <input_file id="fl-5">
         <path>./Source Driver/</path>
         <kind>object</kind>
         <file>FPU.obj</file>
         <name>FPU.obj</name>
      </input_file>
      <input_file id="fl-6">
         <path>./Source Driver/</path>
         <kind>object</kind>
         <file>HIB.obj</file>
         <name>HIB.obj</name>
      </input_file>
      <input_file id="fl-7">
         <path>./Source Driver/</path>
         <kind>object</kind>
         <file>MPU.obj</file>
         <name>MPU.obj</name>
      </input_file>
      <input_file id="fl-8">
         <path>./Source Driver/</path>
         <kind>object</kind>
         <file>NVIC.obj</file>
         <name>NVIC.obj</name>
      </input_file>
      <input_file id="fl-9">
         <path>./Source Driver/</path>
         <kind>object</kind>
         <file>SCB.obj</file>
         <name>SCB.obj</name>
      </input_file>
      <input_file id="fl-a">
         <path>./Source Driver/</path>
         <kind>object</kind>
         <file>SYSCTL.obj</file>
         <name>SYSCTL.obj</name>
      </input_file>
      <input_file id="fl-b">
         <path>./Source Driver/</path>
         <kind>object</kind>
         <file>SYSEXC.obj</file>
         <name>SYSEXC.obj</name>
      </input_file>
      <input_file id="fl-c">
         <path>./Source Driver/</path>
         <kind>object</kind>
         <file>SYSTICK.obj</file>
         <name>SYSTICK.obj</name>
      </input_file>
      <input_file id="fl-10">
         <kind>object</kind>
         <file>&lt;internal&gt;</file>
         <name>&lt;internal&gt;</name>
      </input_file>
      <input_file id="fl-c6">
         <path>/home/vyldram/ti/ccs930/ccs/tools/compiler/ti-cgt-arm_19.6.0.STS/lib/</path>
         <kind>archive</kind>
         <file>rtsv7M4_T_le_v4SPD16_eabi.lib</file>
         <name>fs_toull_t2.asm.obj</name>
      </input_file>
      <input_file id="fl-c7">
         <path>/home/vyldram/ti/ccs930/ccs/tools/compiler/ti-cgt-arm_19.6.0.STS/lib/</path>
         <kind>archive</kind>
         <file>rtsv7M4_T_le_v4SPD16_eabi.lib</file>
         <name>ll_mul_t2.asm.obj</name>
      </input_file>
      <input_file id="fl-c8">
         <path>/home/vyldram/ti/ccs930/ccs/tools/compiler/ti-cgt-arm_19.6.0.STS/lib/</path>
         <kind>archive</kind>
         <file>rtsv7M4_T_le_v4SPD16_eabi.lib</file>
         <name>copy_zero_init.c.obj</name>
      </input_file>
      <input_file id="fl-c9">
         <path>/home/vyldram/ti/ccs930/ccs/tools/compiler/ti-cgt-arm_19.6.0.STS/lib/</path>
         <kind>archive</kind>
         <file>rtsv7M4_T_le_v4SPD16_eabi.lib</file>
         <name>copy_decompress_none.c.obj</name>
      </input_file>
      <input_file id="fl-ca">
         <path>/home/vyldram/ti/ccs930/ccs/tools/compiler/ti-cgt-arm_19.6.0.STS/lib/</path>
         <kind>archive</kind>
         <file>rtsv7M4_T_le_v4SPD16_eabi.lib</file>
         <name>copy_decompress_lzss.c.obj</name>
      </input_file>
      <input_file id="fl-cb">
         <path>/home/vyldram/ti/ccs930/ccs/tools/compiler/ti-cgt-arm_19.6.0.STS/lib/</path>
         <kind>archive</kind>
         <file>rtsv7M4_T_le_v4SPD16_eabi.lib</file>
         <name>memory.c.obj</name>
      </input_file>
      <input_file id="fl-cc">
         <path>/home/vyldram/ti/ccs930/ccs/tools/compiler/ti-cgt-arm_19.6.0.STS/lib/</path>
         <kind>archive</kind>
         <file>rtsv7M4_T_le_v4SPD16_eabi.lib</file>
         <name>boot_cortex_m.c.obj</name>
      </input_file>
      <input_file id="fl-cd">
         <path>/home/vyldram/ti/ccs930/ccs/tools/compiler/ti-cgt-arm_19.6.0.STS/lib/</path>
         <kind>archive</kind>
         <file>rtsv7M4_T_le_v4SPD16_eabi.lib</file>
         <name>memcpy_t2.asm.obj</name>
      </input_file>
      <input_file id="fl-ce">
         <path>/home/vyldram/ti/ccs930/ccs/tools/compiler/ti-cgt-arm_19.6.0.STS/lib/</path>
         <kind>archive</kind>
         <file>rtsv7M4_T_le_v4SPD16_eabi.lib</file>
         <name>memset_t2.asm.obj</name>
      </input_file>
      <input_file id="fl-cf">
         <path>/home/vyldram/ti/ccs930/ccs/tools/compiler/ti-cgt-arm_19.6.0.STS/lib/</path>
         <kind>archive</kind>
         <file>rtsv7M4_T_le_v4SPD16_eabi.lib</file>
         <name>autoinit.c.obj</name>
      </input_file>
      <input_file id="fl-d0">
         <path>/home/vyldram/ti/ccs930/ccs/tools/compiler/ti-cgt-arm_19.6.0.STS/lib/</path>
         <kind>archive</kind>
         <file>rtsv7M4_T_le_v4SPD16_eabi.lib</file>
         <name>pre_init.c.obj</name>
      </input_file>
      <input_file id="fl-d1">
         <path>/home/vyldram/ti/ccs930/ccs/tools/compiler/ti-cgt-arm_19.6.0.STS/lib/</path>
         <kind>archive</kind>
         <file>rtsv7M4_T_le_v4SPD16_eabi.lib</file>
         <name>cpy_tbl.c.obj</name>
      </input_file>
      <input_file id="fl-d2">
         <path>/home/vyldram/ti/ccs930/ccs/tools/compiler/ti-cgt-arm_19.6.0.STS/lib/</path>
         <kind>archive</kind>
         <file>rtsv7M4_T_le_v4SPD16_eabi.lib</file>
         <name>exit.c.obj</name>
      </input_file>
      <input_file id="fl-d3">
         <path>/home/vyldram/ti/ccs930/ccs/tools/compiler/ti-cgt-arm_19.6.0.STS/lib/</path>
         <kind>archive</kind>
         <file>rtsv7M4_T_le_v4SPD16_eabi.lib</file>
         <name>_lock.c.obj</name>
      </input_file>
      <input_file id="fl-d4">
         <path>/home/vyldram/ti/ccs930/ccs/tools/compiler/ti-cgt-arm_19.6.0.STS/lib/</path>
         <kind>archive</kind>
         <file>rtsv7M4_T_le_v4SPD16_eabi.lib</file>
         <name>args_main.c.obj</name>
      </input_file>
   </input_file_list>
   <object_component_list>
      <object_component id="oc-15">
         <name>.intvecs</name>
         <load_address>0x0</load_address>
         <run_address>0x0</run_address>
         <size>0x26c</size>
         <input_file_ref idref="fl-2"/>
      </object_component>
      <object_component id="oc-f2">
         <name>.text</name>
         <load_address>0x26c</load_address>
         <run_address>0x26c</run_address>
         <size>0x824</size>
         <input_file_ref idref="fl-a"/>
      </object_component>
      <object_component id="oc-184">
         <name>.text</name>
         <load_address>0xa90</load_address>
         <run_address>0xa90</run_address>
         <size>0x7b0</size>
         <input_file_ref idref="fl-9"/>
      </object_component>
      <object_component id="oc-f8">
         <name>.text</name>
         <load_address>0x1240</load_address>
         <run_address>0x1240</run_address>
         <size>0x758</size>
         <input_file_ref idref="fl-c"/>
      </object_component>
      <object_component id="oc-fe">
         <name>.text</name>
         <load_address>0x1998</load_address>
         <run_address>0x1998</run_address>
         <size>0x624</size>
         <input_file_ref idref="fl-3"/>
      </object_component>
      <object_component id="oc-e6">
         <name>.text</name>
         <load_address>0x1fbc</load_address>
         <run_address>0x1fbc</run_address>
         <size>0x2cc</size>
         <input_file_ref idref="fl-5"/>
      </object_component>
      <object_component id="oc-ec">
         <name>.text</name>
         <load_address>0x2288</load_address>
         <run_address>0x2288</run_address>
         <size>0x164</size>
         <input_file_ref idref="fl-b"/>
      </object_component>
      <object_component id="oc-1d1">
         <name>.text:aligned_alloc</name>
         <load_address>0x23ec</load_address>
         <run_address>0x23ec</run_address>
         <size>0xf0</size>
         <input_file_ref idref="fl-cb"/>
      </object_component>
      <object_component id="oc-1d7">
         <name>.text:free</name>
         <load_address>0x24dc</load_address>
         <run_address>0x24dc</run_address>
         <size>0xe8</size>
         <input_file_ref idref="fl-cb"/>
      </object_component>
      <object_component id="oc-e0">
         <name>.text</name>
         <load_address>0x25c4</load_address>
         <run_address>0x25c4</run_address>
         <size>0xd8</size>
         <input_file_ref idref="fl-7"/>
      </object_component>
      <object_component id="oc-a5">
         <name>.text</name>
         <load_address>0x269c</load_address>
         <run_address>0x269c</run_address>
         <size>0xa8</size>
         <input_file_ref idref="fl-1"/>
      </object_component>
      <object_component id="oc-17d">
         <name>.text:SCB__vSetVectorOffset</name>
         <load_address>0x2744</load_address>
         <run_address>0x2744</run_address>
         <size>0x9c</size>
         <input_file_ref idref="fl-9"/>
      </object_component>
      <object_component id="oc-41">
         <name>.text</name>
         <load_address>0x27e0</load_address>
         <run_address>0x27e0</run_address>
         <size>0x9c</size>
         <input_file_ref idref="fl-cd"/>
      </object_component>
      <object_component id="oc-264">
         <name>.text:split</name>
         <load_address>0x287c</load_address>
         <run_address>0x287c</run_address>
         <size>0x7c</size>
         <input_file_ref idref="fl-cb"/>
      </object_component>
      <object_component id="oc-19f">
         <name>.text:NVIC__enSetEnableIRQ</name>
         <load_address>0x28f8</load_address>
         <run_address>0x28f8</run_address>
         <size>0x74</size>
         <input_file_ref idref="fl-8"/>
      </object_component>
      <object_component id="oc-d9">
         <name>.text:SCB__vInit</name>
         <load_address>0x296c</load_address>
         <run_address>0x296c</run_address>
         <size>0x74</size>
         <input_file_ref idref="fl-9"/>
      </object_component>
      <object_component id="oc-18">
         <name>.text:decompress:lzss:__TI_decompress_lzss</name>
         <load_address>0x29e0</load_address>
         <run_address>0x29e0</run_address>
         <size>0x68</size>
         <input_file_ref idref="fl-ca"/>
      </object_component>
      <object_component id="oc-1bb">
         <name>.text</name>
         <load_address>0x2a48</load_address>
         <run_address>0x2a48</run_address>
         <size>0x50</size>
         <input_file_ref idref="fl-c6"/>
      </object_component>
      <object_component id="oc-22e">
         <name>.text:NVIC__enSetPriorityIRQ</name>
         <load_address>0x2a98</load_address>
         <run_address>0x2a98</run_address>
         <size>0x48</size>
         <input_file_ref idref="fl-8"/>
      </object_component>
      <object_component id="oc-117">
         <name>.text:__TI_auto_init_nobinit_nopinit:__TI_auto_init_nobinit_nopinit</name>
         <load_address>0x2ae0</load_address>
         <run_address>0x2ae0</run_address>
         <size>0x44</size>
         <input_file_ref idref="fl-cf"/>
      </object_component>
      <object_component id="oc-5f">
         <name>.text:_c_int00_noargs:_c_int00_noargs</name>
         <load_address>0x2b24</load_address>
         <run_address>0x2b24</run_address>
         <size>0x34</size>
         <input_file_ref idref="fl-cc"/>
      </object_component>
      <object_component id="oc-25e">
         <name>.text:free_list_insert</name>
         <load_address>0x2b58</load_address>
         <run_address>0x2b58</run_address>
         <size>0x28</size>
         <input_file_ref idref="fl-cb"/>
      </object_component>
      <object_component id="oc-4d">
         <name>.text:decompress:ZI:__TI_zero_init_nomemset:__TI_zero_init_nomemset</name>
         <load_address>0x2b80</load_address>
         <run_address>0x2b80</run_address>
         <size>0x1c</size>
         <input_file_ref idref="fl-c8"/>
      </object_component>
      <object_component id="oc-258">
         <name>.text:free_list_remove</name>
         <load_address>0x2b9c</load_address>
         <run_address>0x2b9c</run_address>
         <size>0x1c</size>
         <input_file_ref idref="fl-cb"/>
      </object_component>
      <object_component id="oc-1b6">
         <name>.text</name>
         <load_address>0x2bb8</load_address>
         <run_address>0x2bb8</run_address>
         <size>0x18</size>
         <input_file_ref idref="fl-c7"/>
      </object_component>
      <object_component id="oc-21f">
         <name>.text:SCB_BusFault__vEnable</name>
         <load_address>0x2bd0</load_address>
         <run_address>0x2bd0</run_address>
         <size>0x10</size>
         <input_file_ref idref="fl-9"/>
      </object_component>
      <object_component id="oc-226">
         <name>.text:SCB_MemoryFault__vEnable</name>
         <load_address>0x2be0</load_address>
         <run_address>0x2be0</run_address>
         <size>0x10</size>
         <input_file_ref idref="fl-9"/>
      </object_component>
      <object_component id="oc-218">
         <name>.text:SCB_UsageFault__vEnable</name>
         <load_address>0x2bf0</load_address>
         <run_address>0x2bf0</run_address>
         <size>0x10</size>
         <input_file_ref idref="fl-9"/>
      </object_component>
      <object_component id="oc-203">
         <name>.text:SCB__vEnDIV0Trap</name>
         <load_address>0x2c00</load_address>
         <run_address>0x2c00</run_address>
         <size>0x10</size>
         <input_file_ref idref="fl-9"/>
      </object_component>
      <object_component id="oc-20a">
         <name>.text:SCB__vEnUnAlignTrap</name>
         <load_address>0x2c10</load_address>
         <run_address>0x2c10</run_address>
         <size>0x10</size>
         <input_file_ref idref="fl-9"/>
      </object_component>
      <object_component id="oc-211">
         <name>.text:SCB__vEnUnprivilegedSWTRIGGER</name>
         <load_address>0x2c20</load_address>
         <run_address>0x2c20</run_address>
         <size>0x10</size>
         <input_file_ref idref="fl-9"/>
      </object_component>
      <object_component id="oc-191">
         <name>.text:SCB__vEnableExceptions</name>
         <load_address>0x2c30</load_address>
         <run_address>0x2c30</run_address>
         <size>0x10</size>
         <input_file_ref idref="fl-9"/>
      </object_component>
      <object_component id="oc-18a">
         <name>.text:SCB__vEnableTraps</name>
         <load_address>0x2c40</load_address>
         <run_address>0x2c40</run_address>
         <size>0x10</size>
         <input_file_ref idref="fl-9"/>
      </object_component>
      <object_component id="oc-1e">
         <name>.text:decompress:none:__TI_decompress_none</name>
         <load_address>0x2c50</load_address>
         <run_address>0x2c50</run_address>
         <size>0xe</size>
         <input_file_ref idref="fl-c9"/>
      </object_component>
      <object_component id="oc-2d">
         <name>.text</name>
         <load_address>0x2c5e</load_address>
         <run_address>0x2c5e</run_address>
         <size>0x8</size>
         <input_file_ref idref="fl-2"/>
      </object_component>
      <object_component id="oc-9f">
         <name>.text:_system_pre_init</name>
         <load_address>0x2c66</load_address>
         <run_address>0x2c66</run_address>
         <size>0x4</size>
         <input_file_ref idref="fl-d0"/>
      </object_component>
      <object_component id="oc-10b">
         <name>.text:abort:abort</name>
         <load_address>0x2c6a</load_address>
         <run_address>0x2c6a</run_address>
         <size>0x4</size>
         <input_file_ref idref="fl-d2"/>
      </object_component>
      <object_component id="oc-278">
         <name>.text:_nop</name>
         <load_address>0x2c6e</load_address>
         <run_address>0x2c6e</run_address>
         <size>0x2</size>
         <input_file_ref idref="fl-d3"/>
      </object_component>
      <object_component id="oc-2f1">
         <name>.tramp.FLASH__enWriteMultiWorld.1</name>
         <load_address>0x2c70</load_address>
         <run_address>0x2c70</run_address>
         <size>0x8</size>
         <input_file_ref idref="fl-4"/>
      </object_component>
      <object_component id="oc-2f0">
         <name>.tramp.FLASH__enWriteMultiByte.1</name>
         <load_address>0x2c78</load_address>
         <run_address>0x2c78</run_address>
         <size>0x8</size>
         <input_file_ref idref="fl-4"/>
      </object_component>
      <object_component id="oc-2ef">
         <name>.tramp.FLASH__enWrite.1</name>
         <load_address>0x2c80</load_address>
         <run_address>0x2c80</run_address>
         <size>0x8</size>
         <input_file_ref idref="fl-4"/>
      </object_component>
      <object_component id="oc-2ee">
         <name>.tramp.FLASH__enWriteWorld.1</name>
         <load_address>0x2c88</load_address>
         <run_address>0x2c88</run_address>
         <size>0x8</size>
         <input_file_ref idref="fl-4"/>
      </object_component>
      <object_component id="oc-2e7">
         <name>.cinit..data.load</name>
         <load_address>0x10000</load_address>
         <run_address>0x10000</run_address>
         <size>0x6c</size>
      </object_component>
      <object_component id="oc-2e5">
         <name>__TI_handler_table</name>
         <load_address>0x1006c</load_address>
         <run_address>0x1006c</run_address>
         <size>0xc</size>
      </object_component>
      <object_component id="oc-2e8">
         <name>.cinit..bss.load</name>
         <load_address>0x10078</load_address>
         <run_address>0x10078</run_address>
         <size>0x8</size>
      </object_component>
      <object_component id="oc-2e6">
         <name>__TI_cinit_table</name>
         <load_address>0x10080</load_address>
         <run_address>0x10080</run_address>
         <size>0x10</size>
      </object_component>
      <object_component id="oc-104">
         <name>.ramcode</name>
         <load_address>0x20000400</load_address>
         <run_address>0x20000400</run_address>
         <size>0xb40</size>
         <input_file_ref idref="fl-4"/>
      </object_component>
      <object_component id="oc-2ec">
         <name>.tramp.memalign.1</name>
         <load_address>0x20000f40</load_address>
         <run_address>0x20000f40</run_address>
         <size>0x8</size>
         <input_file_ref idref="fl-cb"/>
      </object_component>
      <object_component id="oc-2ed">
         <name>.tramp.free.1</name>
         <load_address>0x20000f48</load_address>
         <run_address>0x20000f48</run_address>
         <size>0x8</size>
         <input_file_ref idref="fl-cb"/>
      </object_component>
      <object_component id="oc-1c7">
         <name>.data</name>
         <load_address>0x20001098</load_address>
         <run_address>0x20001098</run_address>
         <size>0x8</size>
         <input_file_ref idref="fl-3"/>
      </object_component>
      <object_component id="oc-1af">
         <name>.data:SYSCTL_u32FreqXtal</name>
         <load_address>0x20001000</load_address>
         <run_address>0x20001000</run_address>
         <size>0x6c</size>
         <input_file_ref idref="fl-a"/>
      </object_component>
      <object_component id="oc-1b3">
         <name>.data</name>
         <load_address>0x2000106c</load_address>
         <run_address>0x2000106c</run_address>
         <size>0x1c</size>
         <input_file_ref idref="fl-c"/>
      </object_component>
      <object_component id="oc-26a">
         <name>.data:$O1$$</name>
         <load_address>0x20001090</load_address>
         <run_address>0x20001090</run_address>
         <size>0x8</size>
         <input_file_ref idref="fl-cb"/>
      </object_component>
      <object_component id="oc-1e3">
         <name>.data:$O1$$</name>
         <load_address>0x20001088</load_address>
         <run_address>0x20001088</run_address>
         <size>0x8</size>
         <input_file_ref idref="fl-d3"/>
      </object_component>
      <object_component id="oc-201">
         <name>.common:SCB_pu32Context</name>
         <uninitialized>true</uninitialized>
         <run_address>0x200010a0</run_address>
         <size>0x20</size>
      </object_component>
      <object_component id="oc-1a6">
         <name>.common:SYSEXC_pu32Context</name>
         <uninitialized>true</uninitialized>
         <run_address>0x200010c0</run_address>
         <size>0x20</size>
      </object_component>
      <object_component id="oc-27">
         <name>.sysmem</name>
         <uninitialized>true</uninitialized>
         <run_address>0x20007000</run_address>
         <size>0x10</size>
         <input_file_ref idref="fl-cb"/>
      </object_component>
      <object_component id="oc-2eb">
         <name>.sysmem</name>
         <uninitialized>true</uninitialized>
         <run_address>0x20007000</run_address>
         <size>0x0</size>
      </object_component>
      <object_component id="oc-2a">
         <name>.stack</name>
         <uninitialized>true</uninitialized>
         <run_address>0x20007e00</run_address>
         <size>0x4</size>
         <input_file_ref idref="fl-cc"/>
      </object_component>
      <object_component id="oc-2ea">
         <name>.stack</name>
         <uninitialized>true</uninitialized>
         <run_address>0x20007e00</run_address>
         <size>0x0</size>
      </object_component>
      <object_component id="oc-c8">
         <name>.debug_info</name>
         <load_address>0x0</load_address>
         <run_address>0x0</run_address>
         <size>0x10f6</size>
         <input_file_ref idref="fl-1"/>
      </object_component>
      <object_component id="oc-a6">
         <name>.debug_info</name>
         <load_address>0x10f6</load_address>
         <run_address>0x10f6</run_address>
         <size>0x278</size>
         <input_file_ref idref="fl-1"/>
      </object_component>
      <object_component id="oc-14b">
         <name>.debug_info</name>
         <load_address>0x136e</load_address>
         <run_address>0x136e</run_address>
         <size>0xc229</size>
         <input_file_ref idref="fl-1"/>
      </object_component>
      <object_component id="oc-150">
         <name>.debug_info</name>
         <load_address>0xd597</load_address>
         <run_address>0xd597</run_address>
         <size>0x181d</size>
         <input_file_ref idref="fl-1"/>
      </object_component>
      <object_component id="oc-164">
         <name>.debug_info</name>
         <load_address>0xedb4</load_address>
         <run_address>0xedb4</run_address>
         <size>0x344</size>
         <input_file_ref idref="fl-1"/>
      </object_component>
      <object_component id="oc-155">
         <name>.debug_info</name>
         <load_address>0xf0f8</load_address>
         <run_address>0xf0f8</run_address>
         <size>0x27ef</size>
         <input_file_ref idref="fl-1"/>
      </object_component>
      <object_component id="oc-16e">
         <name>.debug_info</name>
         <load_address>0x118e7</load_address>
         <run_address>0x118e7</run_address>
         <size>0x853</size>
         <input_file_ref idref="fl-1"/>
      </object_component>
      <object_component id="oc-178">
         <name>.debug_info</name>
         <load_address>0x1213a</load_address>
         <run_address>0x1213a</run_address>
         <size>0x180d</size>
         <input_file_ref idref="fl-1"/>
      </object_component>
      <object_component id="oc-15a">
         <name>.debug_info</name>
         <load_address>0x13947</load_address>
         <run_address>0x13947</run_address>
         <size>0x929</size>
         <input_file_ref idref="fl-1"/>
      </object_component>
      <object_component id="oc-15f">
         <name>.debug_info</name>
         <load_address>0x14270</load_address>
         <run_address>0x14270</run_address>
         <size>0x7f9</size>
         <input_file_ref idref="fl-1"/>
      </object_component>
      <object_component id="oc-169">
         <name>.debug_info</name>
         <load_address>0x14a69</load_address>
         <run_address>0x14a69</run_address>
         <size>0x580a</size>
         <input_file_ref idref="fl-1"/>
      </object_component>
      <object_component id="oc-173">
         <name>.debug_info</name>
         <load_address>0x1a273</load_address>
         <run_address>0x1a273</run_address>
         <size>0x124d</size>
         <input_file_ref idref="fl-1"/>
      </object_component>
      <object_component id="oc-271">
         <name>.debug_info</name>
         <load_address>0x1b4c0</load_address>
         <run_address>0x1b4c0</run_address>
         <size>0x110</size>
         <input_file_ref idref="fl-1"/>
      </object_component>
      <object_component id="oc-7a">
         <name>.debug_info</name>
         <load_address>0x1b5d0</load_address>
         <run_address>0x1b5d0</run_address>
         <size>0x26b</size>
         <input_file_ref idref="fl-1"/>
      </object_component>
      <object_component id="oc-3c">
         <name>.debug_info</name>
         <load_address>0x1b83b</load_address>
         <run_address>0x1b83b</run_address>
         <size>0x84</size>
         <input_file_ref idref="fl-1"/>
      </object_component>
      <object_component id="oc-c3">
         <name>.debug_info</name>
         <load_address>0x1b8bf</load_address>
         <run_address>0x1b8bf</run_address>
         <size>0x297</size>
         <input_file_ref idref="fl-1"/>
      </object_component>
      <object_component id="oc-7f">
         <name>.debug_info</name>
         <load_address>0x1bb56</load_address>
         <run_address>0x1bb56</run_address>
         <size>0xbb</size>
         <input_file_ref idref="fl-1"/>
      </object_component>
      <object_component id="oc-35">
         <name>.debug_info</name>
         <load_address>0x1bc11</load_address>
         <run_address>0x1bc11</run_address>
         <size>0x2ac</size>
         <input_file_ref idref="fl-2"/>
      </object_component>
      <object_component id="oc-16">
         <name>.debug_info</name>
         <load_address>0x1bebd</load_address>
         <run_address>0x1bebd</run_address>
         <size>0xeb</size>
         <input_file_ref idref="fl-2"/>
      </object_component>
      <object_component id="oc-2e">
         <name>.debug_info</name>
         <load_address>0x1bfa8</load_address>
         <run_address>0x1bfa8</run_address>
         <size>0x1a7</size>
         <input_file_ref idref="fl-2"/>
      </object_component>
      <object_component id="oc-1d0">
         <name>.debug_info</name>
         <load_address>0x1c14f</load_address>
         <run_address>0x1c14f</run_address>
         <size>0xc6c</size>
         <input_file_ref idref="fl-3"/>
      </object_component>
      <object_component id="oc-1c8">
         <name>.debug_info</name>
         <load_address>0x1cdbb</load_address>
         <run_address>0x1cdbb</run_address>
         <size>0x130</size>
         <input_file_ref idref="fl-3"/>
      </object_component>
      <object_component id="oc-ff">
         <name>.debug_info</name>
         <load_address>0x1ceeb</load_address>
         <run_address>0x1ceeb</run_address>
         <size>0x18ed</size>
         <input_file_ref idref="fl-3"/>
      </object_component>
      <object_component id="oc-23c">
         <name>.debug_info</name>
         <load_address>0x1e7d8</load_address>
         <run_address>0x1e7d8</run_address>
         <size>0xc229</size>
         <input_file_ref idref="fl-3"/>
      </object_component>
      <object_component id="oc-1cb">
         <name>.debug_info</name>
         <load_address>0x2aa01</load_address>
         <run_address>0x2aa01</run_address>
         <size>0x180d</size>
         <input_file_ref idref="fl-3"/>
      </object_component>
      <object_component id="oc-235">
         <name>.debug_info</name>
         <load_address>0x2c20e</load_address>
         <run_address>0x2c20e</run_address>
         <size>0x580a</size>
         <input_file_ref idref="fl-3"/>
      </object_component>
      <object_component id="oc-1de">
         <name>.debug_info</name>
         <load_address>0x31a18</load_address>
         <run_address>0x31a18</run_address>
         <size>0xa8c</size>
         <input_file_ref idref="fl-4"/>
      </object_component>
      <object_component id="oc-105">
         <name>.debug_info</name>
         <load_address>0x324a4</load_address>
         <run_address>0x324a4</run_address>
         <size>0x1b47</size>
         <input_file_ref idref="fl-4"/>
      </object_component>
      <object_component id="oc-22d">
         <name>.debug_info</name>
         <load_address>0x33feb</load_address>
         <run_address>0x33feb</run_address>
         <size>0x2a8</size>
         <input_file_ref idref="fl-5"/>
      </object_component>
      <object_component id="oc-e7">
         <name>.debug_info</name>
         <load_address>0x34293</load_address>
         <run_address>0x34293</run_address>
         <size>0xbb5</size>
         <input_file_ref idref="fl-5"/>
      </object_component>
      <object_component id="oc-19a">
         <name>.debug_info</name>
         <load_address>0x34e48</load_address>
         <run_address>0x34e48</run_address>
         <size>0x929</size>
         <input_file_ref idref="fl-5"/>
      </object_component>
      <object_component id="oc-29b">
         <name>.debug_info</name>
         <load_address>0x35771</load_address>
         <run_address>0x35771</run_address>
         <size>0xee1</size>
         <input_file_ref idref="fl-6"/>
      </object_component>
      <object_component id="oc-246">
         <name>.debug_info</name>
         <load_address>0x36652</load_address>
         <run_address>0x36652</run_address>
         <size>0x27ef</size>
         <input_file_ref idref="fl-6"/>
      </object_component>
      <object_component id="oc-2b4">
         <name>.debug_info</name>
         <load_address>0x38e41</load_address>
         <run_address>0x38e41</run_address>
         <size>0x124d</size>
         <input_file_ref idref="fl-6"/>
      </object_component>
      <object_component id="oc-241">
         <name>.debug_info</name>
         <load_address>0x3a08e</load_address>
         <run_address>0x3a08e</run_address>
         <size>0x181d</size>
         <input_file_ref idref="fl-6"/>
      </object_component>
      <object_component id="oc-e1">
         <name>.debug_info</name>
         <load_address>0x3b8ab</load_address>
         <run_address>0x3b8ab</run_address>
         <size>0x142</size>
         <input_file_ref idref="fl-7"/>
      </object_component>
      <object_component id="oc-22f">
         <name>.debug_info</name>
         <load_address>0x3b9ed</load_address>
         <run_address>0x3b9ed</run_address>
         <size>0x1bf</size>
         <input_file_ref idref="fl-8"/>
      </object_component>
      <object_component id="oc-1a0">
         <name>.debug_info</name>
         <load_address>0x3bbac</load_address>
         <run_address>0x3bbac</run_address>
         <size>0x214</size>
         <input_file_ref idref="fl-8"/>
      </object_component>
      <object_component id="oc-1ff">
         <name>.debug_info</name>
         <load_address>0x3bdc0</load_address>
         <run_address>0x3bdc0</run_address>
         <size>0xbf2</size>
         <input_file_ref idref="fl-9"/>
      </object_component>
      <object_component id="oc-17e">
         <name>.debug_info</name>
         <load_address>0x3c9b2</load_address>
         <run_address>0x3c9b2</run_address>
         <size>0x1de</size>
         <input_file_ref idref="fl-9"/>
      </object_component>
      <object_component id="oc-204">
         <name>.debug_info</name>
         <load_address>0x3cb90</load_address>
         <run_address>0x3cb90</run_address>
         <size>0x133</size>
         <input_file_ref idref="fl-9"/>
      </object_component>
      <object_component id="oc-20b">
         <name>.debug_info</name>
         <load_address>0x3ccc3</load_address>
         <run_address>0x3ccc3</run_address>
         <size>0x139</size>
         <input_file_ref idref="fl-9"/>
      </object_component>
      <object_component id="oc-212">
         <name>.debug_info</name>
         <load_address>0x3cdfc</load_address>
         <run_address>0x3cdfc</run_address>
         <size>0x14d</size>
         <input_file_ref idref="fl-9"/>
      </object_component>
      <object_component id="oc-219">
         <name>.debug_info</name>
         <load_address>0x3cf49</load_address>
         <run_address>0x3cf49</run_address>
         <size>0x141</size>
         <input_file_ref idref="fl-9"/>
      </object_component>
      <object_component id="oc-220">
         <name>.debug_info</name>
         <load_address>0x3d08a</load_address>
         <run_address>0x3d08a</run_address>
         <size>0x13d</size>
         <input_file_ref idref="fl-9"/>
      </object_component>
      <object_component id="oc-227">
         <name>.debug_info</name>
         <load_address>0x3d1c7</load_address>
         <run_address>0x3d1c7</run_address>
         <size>0x143</size>
         <input_file_ref idref="fl-9"/>
      </object_component>
      <object_component id="oc-192">
         <name>.debug_info</name>
         <load_address>0x3d30a</load_address>
         <run_address>0x3d30a</run_address>
         <size>0x198</size>
         <input_file_ref idref="fl-9"/>
      </object_component>
      <object_component id="oc-18b">
         <name>.debug_info</name>
         <load_address>0x3d4a2</load_address>
         <run_address>0x3d4a2</run_address>
         <size>0x18a</size>
         <input_file_ref idref="fl-9"/>
      </object_component>
      <object_component id="oc-da">
         <name>.debug_info</name>
         <load_address>0x3d62c</load_address>
         <run_address>0x3d62c</run_address>
         <size>0x25c</size>
         <input_file_ref idref="fl-9"/>
      </object_component>
      <object_component id="oc-185">
         <name>.debug_info</name>
         <load_address>0x3d888</load_address>
         <run_address>0x3d888</run_address>
         <size>0x17b9</size>
         <input_file_ref idref="fl-9"/>
      </object_component>
      <object_component id="oc-24d">
         <name>.debug_info</name>
         <load_address>0x3f041</load_address>
         <run_address>0x3f041</run_address>
         <size>0x8e5</size>
         <input_file_ref idref="fl-a"/>
      </object_component>
      <object_component id="oc-1b0">
         <name>.debug_info</name>
         <load_address>0x3f926</load_address>
         <run_address>0x3f926</run_address>
         <size>0xf3</size>
         <input_file_ref idref="fl-a"/>
      </object_component>
      <object_component id="oc-f3">
         <name>.debug_info</name>
         <load_address>0x3fa19</load_address>
         <run_address>0x3fa19</run_address>
         <size>0x10b5</size>
         <input_file_ref idref="fl-a"/>
      </object_component>
      <object_component id="oc-1a7">
         <name>.debug_info</name>
         <load_address>0x40ace</load_address>
         <run_address>0x40ace</run_address>
         <size>0xd99</size>
         <input_file_ref idref="fl-b"/>
      </object_component>
      <object_component id="oc-ed">
         <name>.debug_info</name>
         <load_address>0x41867</load_address>
         <run_address>0x41867</run_address>
         <size>0x522</size>
         <input_file_ref idref="fl-b"/>
      </object_component>
      <object_component id="oc-1aa">
         <name>.debug_info</name>
         <load_address>0x41d89</load_address>
         <run_address>0x41d89</run_address>
         <size>0x853</size>
         <input_file_ref idref="fl-b"/>
      </object_component>
      <object_component id="oc-1c6">
         <name>.debug_info</name>
         <load_address>0x425dc</load_address>
         <run_address>0x425dc</run_address>
         <size>0xbb7</size>
         <input_file_ref idref="fl-c"/>
      </object_component>
      <object_component id="oc-1b4">
         <name>.debug_info</name>
         <load_address>0x43193</load_address>
         <run_address>0x43193</run_address>
         <size>0x226</size>
         <input_file_ref idref="fl-c"/>
      </object_component>
      <object_component id="oc-f9">
         <name>.debug_info</name>
         <load_address>0x433b9</load_address>
         <run_address>0x433b9</run_address>
         <size>0xd92</size>
         <input_file_ref idref="fl-c"/>
      </object_component>
      <object_component id="oc-1c1">
         <name>.debug_info</name>
         <load_address>0x4414b</load_address>
         <run_address>0x4414b</run_address>
         <size>0x344</size>
         <input_file_ref idref="fl-c"/>
      </object_component>
      <object_component id="oc-1bc">
         <name>.debug_info</name>
         <load_address>0x4448f</load_address>
         <run_address>0x4448f</run_address>
         <size>0x13b</size>
         <input_file_ref idref="fl-c6"/>
      </object_component>
      <object_component id="oc-1b7">
         <name>.debug_info</name>
         <load_address>0x445ca</load_address>
         <run_address>0x445ca</run_address>
         <size>0x122</size>
         <input_file_ref idref="fl-c7"/>
      </object_component>
      <object_component id="oc-98">
         <name>.debug_info</name>
         <load_address>0x446ec</load_address>
         <run_address>0x446ec</run_address>
         <size>0x2d4</size>
         <input_file_ref idref="fl-c8"/>
      </object_component>
      <object_component id="oc-4e">
         <name>.debug_info</name>
         <load_address>0x449c0</load_address>
         <run_address>0x449c0</run_address>
         <size>0x1d2</size>
         <input_file_ref idref="fl-c8"/>
      </object_component>
      <object_component id="oc-93">
         <name>.debug_info</name>
         <load_address>0x44b92</load_address>
         <run_address>0x44b92</run_address>
         <size>0x46</size>
         <input_file_ref idref="fl-c8"/>
      </object_component>
      <object_component id="oc-d0">
         <name>.debug_info</name>
         <load_address>0x44bd8</load_address>
         <run_address>0x44bd8</run_address>
         <size>0x2c</size>
         <input_file_ref idref="fl-c8"/>
      </object_component>
      <object_component id="oc-4c">
         <name>.debug_info</name>
         <load_address>0x44c04</load_address>
         <run_address>0x44c04</run_address>
         <size>0x2a8</size>
         <input_file_ref idref="fl-c9"/>
      </object_component>
      <object_component id="oc-1f">
         <name>.debug_info</name>
         <load_address>0x44eac</load_address>
         <run_address>0x44eac</run_address>
         <size>0x1ea</size>
         <input_file_ref idref="fl-c9"/>
      </object_component>
      <object_component id="oc-47">
         <name>.debug_info</name>
         <load_address>0x45096</load_address>
         <run_address>0x45096</run_address>
         <size>0x46</size>
         <input_file_ref idref="fl-c9"/>
      </object_component>
      <object_component id="oc-8b">
         <name>.debug_info</name>
         <load_address>0x450dc</load_address>
         <run_address>0x450dc</run_address>
         <size>0x2c</size>
         <input_file_ref idref="fl-c9"/>
      </object_component>
      <object_component id="oc-89">
         <name>.debug_info</name>
         <load_address>0x45108</load_address>
         <run_address>0x45108</run_address>
         <size>0x29e</size>
         <input_file_ref idref="fl-ca"/>
      </object_component>
      <object_component id="oc-19">
         <name>.debug_info</name>
         <load_address>0x453a6</load_address>
         <run_address>0x453a6</run_address>
         <size>0x250</size>
         <input_file_ref idref="fl-ca"/>
      </object_component>
      <object_component id="oc-37">
         <name>.debug_info</name>
         <load_address>0x455f6</load_address>
         <run_address>0x455f6</run_address>
         <size>0x60</size>
         <input_file_ref idref="fl-ca"/>
      </object_component>
      <object_component id="oc-c9">
         <name>.debug_info</name>
         <load_address>0x45656</load_address>
         <run_address>0x45656</run_address>
         <size>0x46</size>
         <input_file_ref idref="fl-ca"/>
      </object_component>
      <object_component id="oc-84">
         <name>.debug_info</name>
         <load_address>0x4569c</load_address>
         <run_address>0x4569c</run_address>
         <size>0x39</size>
         <input_file_ref idref="fl-ca"/>
      </object_component>
      <object_component id="oc-73">
         <name>.debug_info</name>
         <load_address>0x456d5</load_address>
         <run_address>0x456d5</run_address>
         <size>0x3b2</size>
         <input_file_ref idref="fl-cb"/>
      </object_component>
      <object_component id="oc-28">
         <name>.debug_info</name>
         <load_address>0x45a87</load_address>
         <run_address>0x45a87</run_address>
         <size>0x10c</size>
         <input_file_ref idref="fl-cb"/>
      </object_component>
      <object_component id="oc-26b">
         <name>.debug_info</name>
         <load_address>0x45b93</load_address>
         <run_address>0x45b93</run_address>
         <size>0x13f</size>
         <input_file_ref idref="fl-cb"/>
      </object_component>
      <object_component id="oc-259">
         <name>.debug_info</name>
         <load_address>0x45cd2</load_address>
         <run_address>0x45cd2</run_address>
         <size>0x18e</size>
         <input_file_ref idref="fl-cb"/>
      </object_component>
      <object_component id="oc-25f">
         <name>.debug_info</name>
         <load_address>0x45e60</load_address>
         <run_address>0x45e60</run_address>
         <size>0x19f</size>
         <input_file_ref idref="fl-cb"/>
      </object_component>
      <object_component id="oc-1d8">
         <name>.debug_info</name>
         <load_address>0x45fff</load_address>
         <run_address>0x45fff</run_address>
         <size>0x203</size>
         <input_file_ref idref="fl-cb"/>
      </object_component>
      <object_component id="oc-265">
         <name>.debug_info</name>
         <load_address>0x46202</load_address>
         <run_address>0x46202</run_address>
         <size>0x1db</size>
         <input_file_ref idref="fl-cb"/>
      </object_component>
      <object_component id="oc-1d2">
         <name>.debug_info</name>
         <load_address>0x463dd</load_address>
         <run_address>0x463dd</run_address>
         <size>0x299</size>
         <input_file_ref idref="fl-cb"/>
      </object_component>
      <object_component id="oc-be">
         <name>.debug_info</name>
         <load_address>0x46676</load_address>
         <run_address>0x46676</run_address>
         <size>0xb2</size>
         <input_file_ref idref="fl-cb"/>
      </object_component>
      <object_component id="oc-b9">
         <name>.debug_info</name>
         <load_address>0x46728</load_address>
         <run_address>0x46728</run_address>
         <size>0x2c</size>
         <input_file_ref idref="fl-cb"/>
      </object_component>
      <object_component id="oc-2b">
         <name>.debug_info</name>
         <load_address>0x46754</load_address>
         <run_address>0x46754</run_address>
         <size>0x10b</size>
         <input_file_ref idref="fl-cc"/>
      </object_component>
      <object_component id="oc-60">
         <name>.debug_info</name>
         <load_address>0x4685f</load_address>
         <run_address>0x4685f</run_address>
         <size>0x1a9</size>
         <input_file_ref idref="fl-cc"/>
      </object_component>
      <object_component id="oc-42">
         <name>.debug_info</name>
         <load_address>0x46a08</load_address>
         <run_address>0x46a08</run_address>
         <size>0x119</size>
         <input_file_ref idref="fl-cd"/>
      </object_component>
      <object_component id="oc-1ea">
         <name>.debug_info</name>
         <load_address>0x46b21</load_address>
         <run_address>0x46b21</run_address>
         <size>0x4b3</size>
         <input_file_ref idref="fl-cf"/>
      </object_component>
      <object_component id="oc-118">
         <name>.debug_info</name>
         <load_address>0x46fd4</load_address>
         <run_address>0x46fd4</run_address>
         <size>0x1a6</size>
         <input_file_ref idref="fl-cf"/>
      </object_component>
      <object_component id="oc-286">
         <name>.debug_info</name>
         <load_address>0x4717a</load_address>
         <run_address>0x4717a</run_address>
         <size>0x39</size>
         <input_file_ref idref="fl-cf"/>
      </object_component>
      <object_component id="oc-2a6">
         <name>.debug_info</name>
         <load_address>0x471b3</load_address>
         <run_address>0x471b3</run_address>
         <size>0x39</size>
         <input_file_ref idref="fl-cf"/>
      </object_component>
      <object_component id="oc-28b">
         <name>.debug_info</name>
         <load_address>0x471ec</load_address>
         <run_address>0x471ec</run_address>
         <size>0x39</size>
         <input_file_ref idref="fl-cf"/>
      </object_component>
      <object_component id="oc-290">
         <name>.debug_info</name>
         <load_address>0x47225</load_address>
         <run_address>0x47225</run_address>
         <size>0xcd</size>
         <input_file_ref idref="fl-cf"/>
      </object_component>
      <object_component id="oc-a0">
         <name>.debug_info</name>
         <load_address>0x472f2</load_address>
         <run_address>0x472f2</run_address>
         <size>0x153</size>
         <input_file_ref idref="fl-d0"/>
      </object_component>
      <object_component id="oc-10c">
         <name>.debug_info</name>
         <load_address>0x47445</load_address>
         <run_address>0x47445</run_address>
         <size>0x122</size>
         <input_file_ref idref="fl-d2"/>
      </object_component>
      <object_component id="oc-280">
         <name>.debug_info</name>
         <load_address>0x47567</load_address>
         <run_address>0x47567</run_address>
         <size>0x2c9</size>
         <input_file_ref idref="fl-d3"/>
      </object_component>
      <object_component id="oc-1e4">
         <name>.debug_info</name>
         <load_address>0x47830</load_address>
         <run_address>0x47830</run_address>
         <size>0x11e</size>
         <input_file_ref idref="fl-d3"/>
      </object_component>
      <object_component id="oc-279">
         <name>.debug_info</name>
         <load_address>0x4794e</load_address>
         <run_address>0x4794e</run_address>
         <size>0x12e</size>
         <input_file_ref idref="fl-d3"/>
      </object_component>
      <object_component id="oc-2f2">
         <name>.debug_info</name>
         <load_address>0x47a7c</load_address>
         <run_address>0x47a7c</run_address>
         <size>0x26b</size>
      </object_component>
      <object_component id="oc-14a">
         <name>.debug_line</name>
         <load_address>0x0</load_address>
         <run_address>0x0</run_address>
         <size>0x227</size>
         <input_file_ref idref="fl-1"/>
      </object_component>
      <object_component id="oc-a9">
         <name>.debug_line</name>
         <load_address>0x227</load_address>
         <run_address>0x227</run_address>
         <size>0x63</size>
         <input_file_ref idref="fl-1"/>
      </object_component>
      <object_component id="oc-14e">
         <name>.debug_line</name>
         <load_address>0x28a</load_address>
         <run_address>0x28a</run_address>
         <size>0x62</size>
         <input_file_ref idref="fl-1"/>
      </object_component>
      <object_component id="oc-153">
         <name>.debug_line</name>
         <load_address>0x2ec</load_address>
         <run_address>0x2ec</run_address>
         <size>0x61</size>
         <input_file_ref idref="fl-1"/>
      </object_component>
      <object_component id="oc-167">
         <name>.debug_line</name>
         <load_address>0x34d</load_address>
         <run_address>0x34d</run_address>
         <size>0x63</size>
         <input_file_ref idref="fl-1"/>
      </object_component>
      <object_component id="oc-158">
         <name>.debug_line</name>
         <load_address>0x3b0</load_address>
         <run_address>0x3b0</run_address>
         <size>0x5f</size>
         <input_file_ref idref="fl-1"/>
      </object_component>
      <object_component id="oc-171">
         <name>.debug_line</name>
         <load_address>0x40f</load_address>
         <run_address>0x40f</run_address>
         <size>0x62</size>
         <input_file_ref idref="fl-1"/>
      </object_component>
      <object_component id="oc-17b">
         <name>.debug_line</name>
         <load_address>0x471</load_address>
         <run_address>0x471</run_address>
         <size>0x62</size>
         <input_file_ref idref="fl-1"/>
      </object_component>
      <object_component id="oc-15d">
         <name>.debug_line</name>
         <load_address>0x4d3</load_address>
         <run_address>0x4d3</run_address>
         <size>0x5f</size>
         <input_file_ref idref="fl-1"/>
      </object_component>
      <object_component id="oc-162">
         <name>.debug_line</name>
         <load_address>0x532</load_address>
         <run_address>0x532</run_address>
         <size>0x5f</size>
         <input_file_ref idref="fl-1"/>
      </object_component>
      <object_component id="oc-16c">
         <name>.debug_line</name>
         <load_address>0x591</load_address>
         <run_address>0x591</run_address>
         <size>0x60</size>
         <input_file_ref idref="fl-1"/>
      </object_component>
      <object_component id="oc-176">
         <name>.debug_line</name>
         <load_address>0x5f1</load_address>
         <run_address>0x5f1</run_address>
         <size>0x5f</size>
         <input_file_ref idref="fl-1"/>
      </object_component>
      <object_component id="oc-274">
         <name>.debug_line</name>
         <load_address>0x650</load_address>
         <run_address>0x650</run_address>
         <size>0x75</size>
         <input_file_ref idref="fl-1"/>
      </object_component>
      <object_component id="oc-7d">
         <name>.debug_line</name>
         <load_address>0x6c5</load_address>
         <run_address>0x6c5</run_address>
         <size>0x79</size>
         <input_file_ref idref="fl-1"/>
      </object_component>
      <object_component id="oc-3f">
         <name>.debug_line</name>
         <load_address>0x73e</load_address>
         <run_address>0x73e</run_address>
         <size>0x20</size>
         <input_file_ref idref="fl-1"/>
      </object_component>
      <object_component id="oc-c6">
         <name>.debug_line</name>
         <load_address>0x75e</load_address>
         <run_address>0x75e</run_address>
         <size>0x7d</size>
         <input_file_ref idref="fl-1"/>
      </object_component>
      <object_component id="oc-82">
         <name>.debug_line</name>
         <load_address>0x7db</load_address>
         <run_address>0x7db</run_address>
         <size>0x7a</size>
         <input_file_ref idref="fl-1"/>
      </object_component>
      <object_component id="oc-79">
         <name>.debug_line</name>
         <load_address>0x855</load_address>
         <run_address>0x855</run_address>
         <size>0x41</size>
         <input_file_ref idref="fl-2"/>
      </object_component>
      <object_component id="oc-34">
         <name>.debug_line</name>
         <load_address>0x896</load_address>
         <run_address>0x896</run_address>
         <size>0x41</size>
         <input_file_ref idref="fl-2"/>
      </object_component>
      <object_component id="oc-31">
         <name>.debug_line</name>
         <load_address>0x8d7</load_address>
         <run_address>0x8d7</run_address>
         <size>0x71</size>
         <input_file_ref idref="fl-2"/>
      </object_component>
      <object_component id="oc-257">
         <name>.debug_line</name>
         <load_address>0x948</load_address>
         <run_address>0x948</run_address>
         <size>0x62</size>
         <input_file_ref idref="fl-3"/>
      </object_component>
      <object_component id="oc-255">
         <name>.debug_line</name>
         <load_address>0x9aa</load_address>
         <run_address>0x9aa</run_address>
         <size>0x3d</size>
         <input_file_ref idref="fl-3"/>
      </object_component>
      <object_component id="oc-102">
         <name>.debug_line</name>
         <load_address>0x9e7</load_address>
         <run_address>0x9e7</run_address>
         <size>0x37e</size>
         <input_file_ref idref="fl-3"/>
      </object_component>
      <object_component id="oc-23f">
         <name>.debug_line</name>
         <load_address>0xd65</load_address>
         <run_address>0xd65</run_address>
         <size>0x62</size>
         <input_file_ref idref="fl-3"/>
      </object_component>
      <object_component id="oc-1ce">
         <name>.debug_line</name>
         <load_address>0xdc7</load_address>
         <run_address>0xdc7</run_address>
         <size>0x62</size>
         <input_file_ref idref="fl-3"/>
      </object_component>
      <object_component id="oc-238">
         <name>.debug_line</name>
         <load_address>0xe29</load_address>
         <run_address>0xe29</run_address>
         <size>0x60</size>
         <input_file_ref idref="fl-3"/>
      </object_component>
      <object_component id="oc-270">
         <name>.debug_line</name>
         <load_address>0xe89</load_address>
         <run_address>0xe89</run_address>
         <size>0x75</size>
         <input_file_ref idref="fl-4"/>
      </object_component>
      <object_component id="oc-108">
         <name>.debug_line</name>
         <load_address>0xefe</load_address>
         <run_address>0xefe</run_address>
         <size>0x5cb</size>
         <input_file_ref idref="fl-4"/>
      </object_component>
      <object_component id="oc-29a">
         <name>.debug_line</name>
         <load_address>0x14c9</load_address>
         <run_address>0x14c9</run_address>
         <size>0x20</size>
         <input_file_ref idref="fl-5"/>
      </object_component>
      <object_component id="oc-ea">
         <name>.debug_line</name>
         <load_address>0x14e9</load_address>
         <run_address>0x14e9</run_address>
         <size>0x225</size>
         <input_file_ref idref="fl-5"/>
      </object_component>
      <object_component id="oc-19d">
         <name>.debug_line</name>
         <load_address>0x170e</load_address>
         <run_address>0x170e</run_address>
         <size>0x5f</size>
         <input_file_ref idref="fl-5"/>
      </object_component>
      <object_component id="oc-2b3">
         <name>.debug_line</name>
         <load_address>0x176d</load_address>
         <run_address>0x176d</run_address>
         <size>0xe1</size>
         <input_file_ref idref="fl-6"/>
      </object_component>
      <object_component id="oc-249">
         <name>.debug_line</name>
         <load_address>0x184e</load_address>
         <run_address>0x184e</run_address>
         <size>0x5f</size>
         <input_file_ref idref="fl-6"/>
      </object_component>
      <object_component id="oc-2b7">
         <name>.debug_line</name>
         <load_address>0x18ad</load_address>
         <run_address>0x18ad</run_address>
         <size>0x5f</size>
         <input_file_ref idref="fl-6"/>
      </object_component>
      <object_component id="oc-244">
         <name>.debug_line</name>
         <load_address>0x190c</load_address>
         <run_address>0x190c</run_address>
         <size>0x61</size>
         <input_file_ref idref="fl-6"/>
      </object_component>
      <object_component id="oc-e4">
         <name>.debug_line</name>
         <load_address>0x196d</load_address>
         <run_address>0x196d</run_address>
         <size>0x78</size>
         <input_file_ref idref="fl-7"/>
      </object_component>
      <object_component id="oc-232">
         <name>.debug_line</name>
         <load_address>0x19e5</load_address>
         <run_address>0x19e5</run_address>
         <size>0x5d</size>
         <input_file_ref idref="fl-8"/>
      </object_component>
      <object_component id="oc-1a3">
         <name>.debug_line</name>
         <load_address>0x1a42</load_address>
         <run_address>0x1a42</run_address>
         <size>0x67</size>
         <input_file_ref idref="fl-8"/>
      </object_component>
      <object_component id="oc-298">
         <name>.debug_line</name>
         <load_address>0x1aa9</load_address>
         <run_address>0x1aa9</run_address>
         <size>0x7b</size>
         <input_file_ref idref="fl-9"/>
      </object_component>
      <object_component id="oc-181">
         <name>.debug_line</name>
         <load_address>0x1b24</load_address>
         <run_address>0x1b24</run_address>
         <size>0x84</size>
         <input_file_ref idref="fl-9"/>
      </object_component>
      <object_component id="oc-207">
         <name>.debug_line</name>
         <load_address>0x1ba8</load_address>
         <run_address>0x1ba8</run_address>
         <size>0x52</size>
         <input_file_ref idref="fl-9"/>
      </object_component>
      <object_component id="oc-20e">
         <name>.debug_line</name>
         <load_address>0x1bfa</load_address>
         <run_address>0x1bfa</run_address>
         <size>0x52</size>
         <input_file_ref idref="fl-9"/>
      </object_component>
      <object_component id="oc-215">
         <name>.debug_line</name>
         <load_address>0x1c4c</load_address>
         <run_address>0x1c4c</run_address>
         <size>0x52</size>
         <input_file_ref idref="fl-9"/>
      </object_component>
      <object_component id="oc-21c">
         <name>.debug_line</name>
         <load_address>0x1c9e</load_address>
         <run_address>0x1c9e</run_address>
         <size>0x52</size>
         <input_file_ref idref="fl-9"/>
      </object_component>
      <object_component id="oc-223">
         <name>.debug_line</name>
         <load_address>0x1cf0</load_address>
         <run_address>0x1cf0</run_address>
         <size>0x52</size>
         <input_file_ref idref="fl-9"/>
      </object_component>
      <object_component id="oc-22a">
         <name>.debug_line</name>
         <load_address>0x1d42</load_address>
         <run_address>0x1d42</run_address>
         <size>0x52</size>
         <input_file_ref idref="fl-9"/>
      </object_component>
      <object_component id="oc-195">
         <name>.debug_line</name>
         <load_address>0x1d94</load_address>
         <run_address>0x1d94</run_address>
         <size>0x54</size>
         <input_file_ref idref="fl-9"/>
      </object_component>
      <object_component id="oc-18e">
         <name>.debug_line</name>
         <load_address>0x1de8</load_address>
         <run_address>0x1de8</run_address>
         <size>0x54</size>
         <input_file_ref idref="fl-9"/>
      </object_component>
      <object_component id="oc-dd">
         <name>.debug_line</name>
         <load_address>0x1e3c</load_address>
         <run_address>0x1e3c</run_address>
         <size>0x5d</size>
         <input_file_ref idref="fl-9"/>
      </object_component>
      <object_component id="oc-188">
         <name>.debug_line</name>
         <load_address>0x1e99</load_address>
         <run_address>0x1e99</run_address>
         <size>0x539</size>
         <input_file_ref idref="fl-9"/>
      </object_component>
      <object_component id="oc-29d">
         <name>.debug_line</name>
         <load_address>0x23d2</load_address>
         <run_address>0x23d2</run_address>
         <size>0x20</size>
         <input_file_ref idref="fl-a"/>
      </object_component>
      <object_component id="oc-24c">
         <name>.debug_line</name>
         <load_address>0x23f2</load_address>
         <run_address>0x23f2</run_address>
         <size>0x3d</size>
         <input_file_ref idref="fl-a"/>
      </object_component>
      <object_component id="oc-f6">
         <name>.debug_line</name>
         <load_address>0x242f</load_address>
         <run_address>0x242f</run_address>
         <size>0x517</size>
         <input_file_ref idref="fl-a"/>
      </object_component>
      <object_component id="oc-23b">
         <name>.debug_line</name>
         <load_address>0x2946</load_address>
         <run_address>0x2946</run_address>
         <size>0xbc</size>
         <input_file_ref idref="fl-b"/>
      </object_component>
      <object_component id="oc-f0">
         <name>.debug_line</name>
         <load_address>0x2a02</load_address>
         <run_address>0x2a02</run_address>
         <size>0x129</size>
         <input_file_ref idref="fl-b"/>
      </object_component>
      <object_component id="oc-1ad">
         <name>.debug_line</name>
         <load_address>0x2b2b</load_address>
         <run_address>0x2b2b</run_address>
         <size>0x62</size>
         <input_file_ref idref="fl-b"/>
      </object_component>
      <object_component id="oc-253">
         <name>.debug_line</name>
         <load_address>0x2b8d</load_address>
         <run_address>0x2b8d</run_address>
         <size>0xa1</size>
         <input_file_ref idref="fl-c"/>
      </object_component>
      <object_component id="oc-24f">
         <name>.debug_line</name>
         <load_address>0x2c2e</load_address>
         <run_address>0x2c2e</run_address>
         <size>0x3e</size>
         <input_file_ref idref="fl-c"/>
      </object_component>
      <object_component id="oc-fc">
         <name>.debug_line</name>
         <load_address>0x2c6c</load_address>
         <run_address>0x2c6c</run_address>
         <size>0x2b5</size>
         <input_file_ref idref="fl-c"/>
      </object_component>
      <object_component id="oc-1c4">
         <name>.debug_line</name>
         <load_address>0x2f21</load_address>
         <run_address>0x2f21</run_address>
         <size>0x63</size>
         <input_file_ref idref="fl-c"/>
      </object_component>
      <object_component id="oc-1bf">
         <name>.debug_line</name>
         <load_address>0x2f84</load_address>
         <run_address>0x2f84</run_address>
         <size>0x63</size>
         <input_file_ref idref="fl-c6"/>
      </object_component>
      <object_component id="oc-1ba">
         <name>.debug_line</name>
         <load_address>0x2fe7</load_address>
         <run_address>0x2fe7</run_address>
         <size>0x43</size>
         <input_file_ref idref="fl-c7"/>
      </object_component>
      <object_component id="oc-d6">
         <name>.debug_line</name>
         <load_address>0x302a</load_address>
         <run_address>0x302a</run_address>
         <size>0x92</size>
         <input_file_ref idref="fl-c8"/>
      </object_component>
      <object_component id="oc-51">
         <name>.debug_line</name>
         <load_address>0x30bc</load_address>
         <run_address>0x30bc</run_address>
         <size>0x56</size>
         <input_file_ref idref="fl-c8"/>
      </object_component>
      <object_component id="oc-96">
         <name>.debug_line</name>
         <load_address>0x3112</load_address>
         <run_address>0x3112</run_address>
         <size>0x34</size>
         <input_file_ref idref="fl-c8"/>
      </object_component>
      <object_component id="oc-d3">
         <name>.debug_line</name>
         <load_address>0x3146</load_address>
         <run_address>0x3146</run_address>
         <size>0x92</size>
         <input_file_ref idref="fl-c8"/>
      </object_component>
      <object_component id="oc-91">
         <name>.debug_line</name>
         <load_address>0x31d8</load_address>
         <run_address>0x31d8</run_address>
         <size>0x20</size>
         <input_file_ref idref="fl-c9"/>
      </object_component>
      <object_component id="oc-22">
         <name>.debug_line</name>
         <load_address>0x31f8</load_address>
         <run_address>0x31f8</run_address>
         <size>0x55</size>
         <input_file_ref idref="fl-c9"/>
      </object_component>
      <object_component id="oc-4a">
         <name>.debug_line</name>
         <load_address>0x324d</load_address>
         <run_address>0x324d</run_address>
         <size>0x3a</size>
         <input_file_ref idref="fl-c9"/>
      </object_component>
      <object_component id="oc-8e">
         <name>.debug_line</name>
         <load_address>0x3287</load_address>
         <run_address>0x3287</run_address>
         <size>0x92</size>
         <input_file_ref idref="fl-c9"/>
      </object_component>
      <object_component id="oc-cf">
         <name>.debug_line</name>
         <load_address>0x3319</load_address>
         <run_address>0x3319</run_address>
         <size>0x20</size>
         <input_file_ref idref="fl-ca"/>
      </object_component>
      <object_component id="oc-1c">
         <name>.debug_line</name>
         <load_address>0x3339</load_address>
         <run_address>0x3339</run_address>
         <size>0xa9</size>
         <input_file_ref idref="fl-ca"/>
      </object_component>
      <object_component id="oc-3a">
         <name>.debug_line</name>
         <load_address>0x33e2</load_address>
         <run_address>0x33e2</run_address>
         <size>0x3a</size>
         <input_file_ref idref="fl-ca"/>
      </object_component>
      <object_component id="oc-cc">
         <name>.debug_line</name>
         <load_address>0x341c</load_address>
         <run_address>0x341c</run_address>
         <size>0x9a</size>
         <input_file_ref idref="fl-ca"/>
      </object_component>
      <object_component id="oc-87">
         <name>.debug_line</name>
         <load_address>0x34b6</load_address>
         <run_address>0x34b6</run_address>
         <size>0x96</size>
         <input_file_ref idref="fl-ca"/>
      </object_component>
      <object_component id="oc-b8">
         <name>.debug_line</name>
         <load_address>0x354c</load_address>
         <run_address>0x354c</run_address>
         <size>0x10f</size>
         <input_file_ref idref="fl-cb"/>
      </object_component>
      <object_component id="oc-72">
         <name>.debug_line</name>
         <load_address>0x365b</load_address>
         <run_address>0x365b</run_address>
         <size>0x2c</size>
         <input_file_ref idref="fl-cb"/>
      </object_component>
      <object_component id="oc-2a2">
         <name>.debug_line</name>
         <load_address>0x3687</load_address>
         <run_address>0x3687</run_address>
         <size>0x2c</size>
         <input_file_ref idref="fl-cb"/>
      </object_component>
      <object_component id="oc-25c">
         <name>.debug_line</name>
         <load_address>0x36b3</load_address>
         <run_address>0x36b3</run_address>
         <size>0x50</size>
         <input_file_ref idref="fl-cb"/>
      </object_component>
      <object_component id="oc-262">
         <name>.debug_line</name>
         <load_address>0x3703</load_address>
         <run_address>0x3703</run_address>
         <size>0x55</size>
         <input_file_ref idref="fl-cb"/>
      </object_component>
      <object_component id="oc-1db">
         <name>.debug_line</name>
         <load_address>0x3758</load_address>
         <run_address>0x3758</run_address>
         <size>0xe9</size>
         <input_file_ref idref="fl-cb"/>
      </object_component>
      <object_component id="oc-268">
         <name>.debug_line</name>
         <load_address>0x3841</load_address>
         <run_address>0x3841</run_address>
         <size>0xa6</size>
         <input_file_ref idref="fl-cb"/>
      </object_component>
      <object_component id="oc-1d5">
         <name>.debug_line</name>
         <load_address>0x38e7</load_address>
         <run_address>0x38e7</run_address>
         <size>0xf6</size>
         <input_file_ref idref="fl-cb"/>
      </object_component>
      <object_component id="oc-c1">
         <name>.debug_line</name>
         <load_address>0x39dd</load_address>
         <run_address>0x39dd</run_address>
         <size>0x2c</size>
         <input_file_ref idref="fl-cb"/>
      </object_component>
      <object_component id="oc-bc">
         <name>.debug_line</name>
         <load_address>0x3a09</load_address>
         <run_address>0x3a09</run_address>
         <size>0x92</size>
         <input_file_ref idref="fl-cb"/>
      </object_component>
      <object_component id="oc-76">
         <name>.debug_line</name>
         <load_address>0x3a9b</load_address>
         <run_address>0x3a9b</run_address>
         <size>0x33</size>
         <input_file_ref idref="fl-cc"/>
      </object_component>
      <object_component id="oc-63">
         <name>.debug_line</name>
         <load_address>0x3ace</load_address>
         <run_address>0x3ace</run_address>
         <size>0x45</size>
         <input_file_ref idref="fl-cc"/>
      </object_component>
      <object_component id="oc-45">
         <name>.debug_line</name>
         <load_address>0x3b13</load_address>
         <run_address>0x3b13</run_address>
         <size>0x88</size>
         <input_file_ref idref="fl-cd"/>
      </object_component>
      <object_component id="oc-285">
         <name>.debug_line</name>
         <load_address>0x3b9b</load_address>
         <run_address>0x3b9b</run_address>
         <size>0xbf</size>
         <input_file_ref idref="fl-cf"/>
      </object_component>
      <object_component id="oc-11b">
         <name>.debug_line</name>
         <load_address>0x3c5a</load_address>
         <run_address>0x3c5a</run_address>
         <size>0x6f</size>
         <input_file_ref idref="fl-cf"/>
      </object_component>
      <object_component id="oc-289">
         <name>.debug_line</name>
         <load_address>0x3cc9</load_address>
         <run_address>0x3cc9</run_address>
         <size>0x2e</size>
         <input_file_ref idref="fl-cf"/>
      </object_component>
      <object_component id="oc-2a9">
         <name>.debug_line</name>
         <load_address>0x3cf7</load_address>
         <run_address>0x3cf7</run_address>
         <size>0x9a</size>
         <input_file_ref idref="fl-cf"/>
      </object_component>
      <object_component id="oc-28e">
         <name>.debug_line</name>
         <load_address>0x3d91</load_address>
         <run_address>0x3d91</run_address>
         <size>0x97</size>
         <input_file_ref idref="fl-cf"/>
      </object_component>
      <object_component id="oc-293">
         <name>.debug_line</name>
         <load_address>0x3e28</load_address>
         <run_address>0x3e28</run_address>
         <size>0x93</size>
         <input_file_ref idref="fl-cf"/>
      </object_component>
      <object_component id="oc-a3">
         <name>.debug_line</name>
         <load_address>0x3ebb</load_address>
         <run_address>0x3ebb</run_address>
         <size>0x40</size>
         <input_file_ref idref="fl-d0"/>
      </object_component>
      <object_component id="oc-10f">
         <name>.debug_line</name>
         <load_address>0x3efb</load_address>
         <run_address>0x3efb</run_address>
         <size>0x3c</size>
         <input_file_ref idref="fl-d2"/>
      </object_component>
      <object_component id="oc-2a5">
         <name>.debug_line</name>
         <load_address>0x3f37</load_address>
         <run_address>0x3f37</run_address>
         <size>0x20</size>
         <input_file_ref idref="fl-d3"/>
      </object_component>
      <object_component id="oc-27f">
         <name>.debug_line</name>
         <load_address>0x3f57</load_address>
         <run_address>0x3f57</run_address>
         <size>0x2b</size>
         <input_file_ref idref="fl-d3"/>
      </object_component>
      <object_component id="oc-27c">
         <name>.debug_line</name>
         <load_address>0x3f82</load_address>
         <run_address>0x3f82</run_address>
         <size>0x3a</size>
         <input_file_ref idref="fl-d3"/>
      </object_component>
      <object_component id="oc-aa">
         <name>.debug_frame</name>
         <load_address>0x0</load_address>
         <run_address>0x0</run_address>
         <size>0x60</size>
         <input_file_ref idref="fl-1"/>
      </object_component>
      <object_component id="oc-32">
         <name>.debug_frame</name>
         <load_address>0x60</load_address>
         <run_address>0x60</run_address>
         <size>0x68</size>
         <input_file_ref idref="fl-2"/>
      </object_component>
      <object_component id="oc-103">
         <name>.debug_frame</name>
         <load_address>0xc8</load_address>
         <run_address>0xc8</run_address>
         <size>0x220</size>
         <input_file_ref idref="fl-3"/>
      </object_component>
      <object_component id="oc-109">
         <name>.debug_frame</name>
         <load_address>0x2e8</load_address>
         <run_address>0x2e8</run_address>
         <size>0x1f0</size>
         <input_file_ref idref="fl-4"/>
      </object_component>
      <object_component id="oc-eb">
         <name>.debug_frame</name>
         <load_address>0x4d8</load_address>
         <run_address>0x4d8</run_address>
         <size>0x190</size>
         <input_file_ref idref="fl-5"/>
      </object_component>
      <object_component id="oc-e5">
         <name>.debug_frame</name>
         <load_address>0x668</load_address>
         <run_address>0x668</run_address>
         <size>0x58</size>
         <input_file_ref idref="fl-7"/>
      </object_component>
      <object_component id="oc-233">
         <name>.debug_frame</name>
         <load_address>0x6c0</load_address>
         <run_address>0x6c0</run_address>
         <size>0x58</size>
         <input_file_ref idref="fl-8"/>
      </object_component>
      <object_component id="oc-1a4">
         <name>.debug_frame</name>
         <load_address>0x718</load_address>
         <run_address>0x718</run_address>
         <size>0x60</size>
         <input_file_ref idref="fl-8"/>
      </object_component>
      <object_component id="oc-182">
         <name>.debug_frame</name>
         <load_address>0x778</load_address>
         <run_address>0x778</run_address>
         <size>0x60</size>
         <input_file_ref idref="fl-9"/>
      </object_component>
      <object_component id="oc-208">
         <name>.debug_frame</name>
         <load_address>0x7d8</load_address>
         <run_address>0x7d8</run_address>
         <size>0x54</size>
         <input_file_ref idref="fl-9"/>
      </object_component>
      <object_component id="oc-20f">
         <name>.debug_frame</name>
         <load_address>0x82c</load_address>
         <run_address>0x82c</run_address>
         <size>0x54</size>
         <input_file_ref idref="fl-9"/>
      </object_component>
      <object_component id="oc-216">
         <name>.debug_frame</name>
         <load_address>0x880</load_address>
         <run_address>0x880</run_address>
         <size>0x54</size>
         <input_file_ref idref="fl-9"/>
      </object_component>
      <object_component id="oc-21d">
         <name>.debug_frame</name>
         <load_address>0x8d4</load_address>
         <run_address>0x8d4</run_address>
         <size>0x54</size>
         <input_file_ref idref="fl-9"/>
      </object_component>
      <object_component id="oc-224">
         <name>.debug_frame</name>
         <load_address>0x928</load_address>
         <run_address>0x928</run_address>
         <size>0x54</size>
         <input_file_ref idref="fl-9"/>
      </object_component>
      <object_component id="oc-22b">
         <name>.debug_frame</name>
         <load_address>0x97c</load_address>
         <run_address>0x97c</run_address>
         <size>0x54</size>
         <input_file_ref idref="fl-9"/>
      </object_component>
      <object_component id="oc-196">
         <name>.debug_frame</name>
         <load_address>0x9d0</load_address>
         <run_address>0x9d0</run_address>
         <size>0x58</size>
         <input_file_ref idref="fl-9"/>
      </object_component>
      <object_component id="oc-18f">
         <name>.debug_frame</name>
         <load_address>0xa28</load_address>
         <run_address>0xa28</run_address>
         <size>0x58</size>
         <input_file_ref idref="fl-9"/>
      </object_component>
      <object_component id="oc-de">
         <name>.debug_frame</name>
         <load_address>0xa80</load_address>
         <run_address>0xa80</run_address>
         <size>0x58</size>
         <input_file_ref idref="fl-9"/>
      </object_component>
      <object_component id="oc-189">
         <name>.debug_frame</name>
         <load_address>0xad8</load_address>
         <run_address>0xad8</run_address>
         <size>0x358</size>
         <input_file_ref idref="fl-9"/>
      </object_component>
      <object_component id="oc-f7">
         <name>.debug_frame</name>
         <load_address>0xe30</load_address>
         <run_address>0xe30</run_address>
         <size>0x1d8</size>
         <input_file_ref idref="fl-a"/>
      </object_component>
      <object_component id="oc-f1">
         <name>.debug_frame</name>
         <load_address>0x1008</load_address>
         <run_address>0x1008</run_address>
         <size>0xd4</size>
         <input_file_ref idref="fl-b"/>
      </object_component>
      <object_component id="oc-fd">
         <name>.debug_frame</name>
         <load_address>0x10dc</load_address>
         <run_address>0x10dc</run_address>
         <size>0x170</size>
         <input_file_ref idref="fl-c"/>
      </object_component>
      <object_component id="oc-52">
         <name>.debug_frame</name>
         <load_address>0x124c</load_address>
         <run_address>0x124c</run_address>
         <size>0x54</size>
         <input_file_ref idref="fl-c8"/>
      </object_component>
      <object_component id="oc-23">
         <name>.debug_frame</name>
         <load_address>0x12a0</load_address>
         <run_address>0x12a0</run_address>
         <size>0x54</size>
         <input_file_ref idref="fl-c9"/>
      </object_component>
      <object_component id="oc-1d">
         <name>.debug_frame</name>
         <load_address>0x12f4</load_address>
         <run_address>0x12f4</run_address>
         <size>0x60</size>
         <input_file_ref idref="fl-ca"/>
      </object_component>
      <object_component id="oc-25d">
         <name>.debug_frame</name>
         <load_address>0x1354</load_address>
         <run_address>0x1354</run_address>
         <size>0x54</size>
         <input_file_ref idref="fl-cb"/>
      </object_component>
      <object_component id="oc-263">
         <name>.debug_frame</name>
         <load_address>0x13a8</load_address>
         <run_address>0x13a8</run_address>
         <size>0x58</size>
         <input_file_ref idref="fl-cb"/>
      </object_component>
      <object_component id="oc-1dc">
         <name>.debug_frame</name>
         <load_address>0x1400</load_address>
         <run_address>0x1400</run_address>
         <size>0x64</size>
         <input_file_ref idref="fl-cb"/>
      </object_component>
      <object_component id="oc-269">
         <name>.debug_frame</name>
         <load_address>0x1464</load_address>
         <run_address>0x1464</run_address>
         <size>0x60</size>
         <input_file_ref idref="fl-cb"/>
      </object_component>
      <object_component id="oc-1d6">
         <name>.debug_frame</name>
         <load_address>0x14c4</load_address>
         <run_address>0x14c4</run_address>
         <size>0x68</size>
         <input_file_ref idref="fl-cb"/>
      </object_component>
[...]
      <symbol id="sm-1ec">
         <name>FPU__enGetRounding</name>
         <value>0x2203</value>
         <object_component_ref idref="oc-e6"/>
      </symbol>
      <symbol id="sm-1ed">
         <name>FPU__vSetLazyPreservation</name>
         <value>0x210b</value>
         <object_component_ref idref="oc-e6"/>
      </symbol>
      <symbol id="sm-1ee">
         <name>FPU__vSetHalfPrecision</name>
         <value>0x216d</value>
         <object_component_ref idref="oc-e6"/>
      </symbol>
      <symbol id="sm-1ef">
         <name>FPU__vSetRounding</name>
         <value>0x2231</value>
         <object_component_ref idref="oc-e6"/>
      </symbol>
      <symbol id="sm-1f0">
         <name>FPU__enGetAccessType</name>
         <value>0x1fbd</value>
         <object_component_ref idref="oc-e6"/>
      </symbol>
      <symbol id="sm-1f1">
         <name>FPU__enGetHalfPrecision</name>
         <value>0x213f</value>
         <object_component_ref idref="oc-e6"/>
      </symbol>
      <symbol id="sm-1f2">
         <name>FPU__enGetLazyPreservation</name>
         <value>0x20dd</value>
         <object_component_ref idref="oc-e6"/>
      </symbol>
      <symbol id="sm-1f3">
         <name>FPU__vSetAccessType</name>
         <value>0x2009</value>
         <object_component_ref idref="oc-e6"/>
      </symbol>
      <symbol id="sm-21d">
         <name>MPU__vInit</name>
         <value>0x25c5</value>
         <object_component_ref idref="oc-e0"/>
      </symbol>
      <symbol id="sm-235">
         <name>NVIC__enSetEnableIRQ</name>
         <value>0x28f9</value>
         <object_component_ref idref="oc-19f"/>
      </symbol>
      <symbol id="sm-236">
         <name>NVIC__enSetPriorityIRQ</name>
         <value>0x2a99</value>
         <object_component_ref idref="oc-22e"/>
      </symbol>
      <symbol id="sm-333">
         <name>SCB_pu32Context</name>
         <value>0x200010a0</value>
      </symbol>
      <symbol id="sm-334">
         <name>SCB__vEnableTraps</name>
         <value>0x2c41</value>
         <object_component_ref idref="oc-18a"/>
      </symbol>
      <symbol id="sm-335">
         <name>SCB_MemoryFault__vEnable</name>
         <value>0x2be1</value>
         <object_component_ref idref="oc-226"/>
      </symbol>
      <symbol id="sm-336">
         <name>SCB__enGetSLEEPONEXIT</name>
         <value>0xd69</value>
         <object_component_ref idref="oc-184"/>
      </symbol>
      <symbol id="sm-337">
         <name>SCB_UsageFault__vEnable</name>
         <value>0x2bf1</value>
         <object_component_ref idref="oc-218"/>
      </symbol>
      <symbol id="sm-338">
         <name>SCB_SVCall__enGetPending</name>
         <value>0xf71</value>
         <object_component_ref idref="oc-184"/>
      </symbol>
      <symbol id="sm-339">
         <name>SCB__vRegisterISR</name>
         <value>0x1029</value>
         <object_component_ref idref="oc-184"/>
      </symbol>
      <symbol id="sm-33a">
         <name>SCB__enGetSleepMode</name>
         <value>0xcf3</value>
         <object_component_ref idref="oc-184"/>
      </symbol>
      <symbol id="sm-33b">
         <name>SCB_SysTick__enGetPending</name>
         <value>0xabf</value>
         <object_component_ref idref="oc-184"/>
      </symbol>
      <symbol id="sm-33c">
         <name>SCB_BusFault__enGetPending</name>
         <value>0xf9f</value>
         <object_component_ref idref="oc-184"/>
      </symbol>
      <symbol id="sm-33d">
         <name>SCB__vEnUnprivilegedSWTRIGGER</name>
         <value>0x2c21</value>
         <object_component_ref idref="oc-211"/>
      </symbol>
      <symbol id="sm-33e">
         <name>SCB_PENDSV__enGetPriority</name>
         <value>0xf0f</value>
         <object_component_ref idref="oc-184"/>
      </symbol>
      <symbol id="sm-33f">
         <name>HardFaultISR</name>
         <value>0x11fb</value>
         <object_component_ref idref="oc-184"/>
      </symbol>
      <symbol id="sm-340">
         <name>SCB_ISR__enGetVectorActive</name>
         <value>0xb49</value>
         <object_component_ref idref="oc-184"/>
      </symbol>
      <symbol id="sm-341">
         <name>SCB_SysTick__enGetPriority</name>
         <value>0xee1</value>
         <object_component_ref idref="oc-184"/>
      </symbol>
      <symbol id="sm-342">
         <name>SCB__vEnDIV0Trap</name>
         <value>0x2c01</value>
         <object_component_ref idref="oc-203"/>
      </symbol>
      <symbol id="sm-343">
         <name>NMIISR</name>
         <value>0x1079</value>
         <object_component_ref idref="oc-184"/>
      </symbol>
      <symbol id="sm-344">
         <name>SCB_UsageFault__enGetPending</name>
         <value>0xffb</value>
         <object_component_ref idref="oc-184"/>
      </symbol>
      <symbol id="sm-345">
         <name>SCB_UsageFault__enGetPriority</name>
         <value>0xe13</value>
         <object_component_ref idref="oc-184"/>
      </symbol>
      <symbol id="sm-346">
         <name>SCB_MemoryFault__enGetPriority</name>
         <value>0xe6f</value>
         <object_component_ref idref="oc-184"/>
      </symbol>
      <symbol id="sm-347">
         <name>PendSVISR</name>
         <value>0x107b</value>
         <object_component_ref idref="oc-184"/>
      </symbol>
      <symbol id="sm-348">
         <name>SCB_ISR__enGetVectorPending</name>
         <value>0xb1b</value>
         <object_component_ref idref="oc-184"/>
      </symbol>
      <symbol id="sm-349">
         <name>UsageFaultISR</name>
         <value>0x1081</value>
         <object_component_ref idref="oc-184"/>
      </symbol>
      <symbol id="sm-34a">
         <name>SCB_ISR__enGetPendingState</name>
         <value>0xaed</value>
         <object_component_ref idref="oc-184"/>
      </symbol>
      <symbol id="sm-34b">
         <name>SCB__enSetSleepMode</name>
         <value>0xcab</value>
         <object_component_ref idref="oc-184"/>
      </symbol>
      <symbol id="sm-34c">
         <name>SCB_SVCall__enGetPriority</name>
         <value>0xea5</value>
         <object_component_ref idref="oc-184"/>
      </symbol>
      <symbol id="sm-34d">
         <name>SCB_DEBUG__enGetPriority</name>
         <value>0xf3d</value>
         <object_component_ref idref="oc-184"/>
      </symbol>
      <symbol id="sm-34e">
         <name>SCB_BusFault__enGetPriority</name>
         <value>0xe41</value>
         <object_component_ref idref="oc-184"/>
      </symbol>
      <symbol id="sm-34f">
         <name>SCB__enSetPriorityGroup</name>
         <value>0xb75</value>
         <object_component_ref idref="oc-184"/>
      </symbol>
      <symbol id="sm-350">
         <name>SCB__enGetStackAligment</name>
         <value>0xde5</value>
         <object_component_ref idref="oc-184"/>
      </symbol>
      <symbol id="sm-351">
         <name>SCB__enGetWakeUpSource</name>
         <value>0xc7d</value>
         <object_component_ref idref="oc-184"/>
      </symbol>
      <symbol id="sm-352">
         <name>SCB__enGetPriorityGroup</name>
         <value>0xc07</value>
         <object_component_ref idref="oc-184"/>
      </symbol>
      <symbol id="sm-353">
         <name>SCB__enSetWakeUpSource</name>
         <value>0xc35</value>
         <object_component_ref idref="oc-184"/>
      </symbol>
      <symbol id="sm-354">
         <name>SCB__enSetStackAligment</name>
         <value>0xd9d</value>
         <object_component_ref idref="oc-184"/>
      </symbol>
      <symbol id="sm-355">
         <name>SCB__enSetSLEEPONEXIT</name>
         <value>0xd21</value>
         <object_component_ref idref="oc-184"/>
      </symbol>
      <symbol id="sm-356">
         <name>SCB_BusFault__vEnable</name>
         <value>0x2bd1</value>
         <object_component_ref idref="oc-21f"/>
      </symbol>
      <symbol id="sm-357">
         <name>SCB__vSetVectorOffset</name>
         <value>0x2745</value>
         <object_component_ref idref="oc-17d"/>
      </symbol>
      <symbol id="sm-358">
         <name>SVCallISR</name>
         <value>0x1229</value>
         <object_component_ref idref="oc-184"/>
      </symbol>
      <symbol id="sm-359">
         <name>SCB__vEnUnAlignTrap</name>
         <value>0x2c11</value>
         <object_component_ref idref="oc-20a"/>
      </symbol>
      <symbol id="sm-35a">
         <name>SCB__vInit</name>
         <value>0x296d</value>
         <object_component_ref idref="oc-d9"/>
      </symbol>
      <symbol id="sm-35b">
         <name>MemoryFaultISR</name>
         <value>0x1181</value>
         <object_component_ref idref="oc-184"/>
      </symbol>
      <symbol id="sm-35c">
         <name>SCB_PENDSV__enGetPending</name>
         <value>0xa91</value>
         <object_component_ref idref="oc-184"/>
      </symbol>
      <symbol id="sm-35d">
         <name>SCB_MemoryFault__enGetPending</name>
         <value>0xfcd</value>
         <object_component_ref idref="oc-184"/>
      </symbol>
      <symbol id="sm-35e">
         <name>SCB__vEnableExceptions</name>
         <value>0x2c31</value>
         <object_component_ref idref="oc-191"/>
      </symbol>
      <symbol id="sm-35f">
         <name>BusFaultISR</name>
         <value>0x10f9</value>
         <object_component_ref idref="oc-184"/>
      </symbol>
      <symbol id="sm-3cc">
         <name>SYSCTL__vSetGPIOBus_AHB</name>
         <value>0x605</value>
         <object_component_ref idref="oc-f2"/>
      </symbol>
      <symbol id="sm-3cd">
         <name>SYSCTL__vDisRunModePeripheral</name>
         <value>0x8b1</value>
         <object_component_ref idref="oc-f2"/>
      </symbol>
      <symbol id="sm-3ce">
         <name>SYSCTL__enIsPeripheralReady</name>
         <value>0x7b3</value>
         <object_component_ref idref="oc-f2"/>
      </symbol>
      <symbol id="sm-3cf">
         <name>SYSCTL__vDisDeepSleepModePeripheral</name>
         <value>0xa29</value>
         <object_component_ref idref="oc-f2"/>
      </symbol>
      <symbol id="sm-3d0">
         <name>SYSCTL__vSetGPIOBus_APB</name>
         <value>0x61d</value>
         <object_component_ref idref="oc-f2"/>
      </symbol>
      <symbol id="sm-3d1">
         <name>SYSCTL__vEnSleepModePeripheral</name>
         <value>0x911</value>
         <object_component_ref idref="oc-f2"/>
      </symbol>
      <symbol id="sm-3d2">
         <name>SYSCTL__enIsPeripheralPresent</name>
         <value>0x769</value>
         <object_component_ref idref="oc-f2"/>
      </symbol>
      <symbol id="sm-3d3">
         <name>SYSCTL__vEnDeepSleepModePeripheral</name>
         <value>0x9c9</value>
         <object_component_ref idref="oc-f2"/>
      </symbol>
      <symbol id="sm-3d4">
         <name>SYSCTL__vDisSleepModePeripheral</name>
         <value>0x971</value>
         <object_component_ref idref="oc-f2"/>
      </symbol>
      <symbol id="sm-3d5">
         <name>SYSCTL__u32GetClock</name>
         <value>0x375</value>
         <object_component_ref idref="oc-f2"/>
      </symbol>
      <symbol id="sm-3d6">
         <name>SYSCTL__vEnRunModePeripheral</name>
         <value>0x84f</value>
         <object_component_ref idref="oc-f2"/>
      </symbol>
      <symbol id="sm-3d7">
         <name>SYSCTL__vResetPeripheral</name>
         <value>0x7fd</value>
         <object_component_ref idref="oc-f2"/>
      </symbol>
      <symbol id="sm-3d8">
         <name>SYSCTL__enGetResetCause</name>
         <value>0x26d</value>
         <object_component_ref idref="oc-f2"/>
      </symbol>
      <symbol id="sm-3d9">
         <name>SYSCTL__vClearResetCause</name>
         <value>0x2eb</value>
         <object_component_ref idref="oc-f2"/>
      </symbol>
      <symbol id="sm-3da">
         <name>SYSCTL_u32FreqXtal</name>
         <value>0x20001000</value>
         <object_component_ref idref="oc-1af"/>
      </symbol>
      <symbol id="sm-3db">
         <name>SYSCTL__enInit</name>
         <value>0x641</value>
         <object_component_ref idref="oc-f2"/>
      </symbol>
      <symbol id="sm-406">
         <name>SYSEXC_pu32Context</name>
         <value>0x200010c0</value>
      </symbol>
      <symbol id="sm-407">
         <name>SYSEXC__vDisInterrupt</name>
         <value>0x22df</value>
         <object_component_ref idref="oc-ec"/>
      </symbol>
      <symbol id="sm-408">
         <name>SYSEXC__vEnInterrupt</name>
         <value>0x22bf</value>
         <object_component_ref idref="oc-ec"/>
      </symbol>
      <symbol id="sm-409">
         <name>SYSEXC__enStatusInt</name>
         <value>0x231b</value>
         <object_component_ref idref="oc-ec"/>
      </symbol>
      <symbol id="sm-40a">
         <name>SYSEXC__vInit</name>
         <value>0x2289</value>
         <object_component_ref idref="oc-ec"/>
      </symbol>
      <symbol id="sm-40b">
         <name>SYSEXCISR</name>
         <value>0x234b</value>
         <object_component_ref idref="oc-ec"/>
      </symbol>
      <symbol id="sm-40c">
         <name>SYSEXC__vClearInterrupt</name>
         <value>0x22ff</value>
         <object_component_ref idref="oc-ec"/>
      </symbol>
      <symbol id="sm-474">
         <name>SysTickISR</name>
         <value>0x1951</value>
         <object_component_ref idref="oc-f8"/>
      </symbol>
      <symbol id="sm-475">
         <name>SysTick_u32CountTick</name>
         <value>0x2000107c</value>
         <object_component_ref idref="oc-1b3"/>
      </symbol>
      <symbol id="sm-476">
         <name>SysTick__enInitTick</name>
         <value>0x1241</value>
         <object_component_ref idref="oc-f8"/>
      </symbol>
      <symbol id="sm-477">
         <name>SysTick_u32FrecBase</name>
         <value>0x20001080</value>
         <object_component_ref idref="oc-1b3"/>
      </symbol>
      <symbol id="sm-478">
         <name>SysTick_fUsBase</name>
         <value>0x20001084</value>
         <object_component_ref idref="oc-1b3"/>
      </symbol>
      <symbol id="sm-479">
         <name>SysTick__vDelayUs</name>
         <value>0x1839</value>
         <object_component_ref idref="oc-f8"/>
      </symbol>
      <symbol id="sm-47a">
         <name>SysTick__u32GetCount</name>
         <value>0x17af</value>
         <object_component_ref idref="oc-f8"/>
      </symbol>
      <symbol id="sm-47b">
         <name>SysTick__vClearCount</name>
         <value>0x1759</value>
         <object_component_ref idref="oc-f8"/>
      </symbol>
      <symbol id="sm-47c">
         <name>SysTick__enInitFrequency</name>
         <value>0x1381</value>
         <object_component_ref idref="oc-f8"/>
      </symbol>
      <symbol id="sm-47d">
         <name>SysTick_u32CountOv</name>
         <value>0x2000106c</value>
         <object_component_ref idref="oc-1b3"/>
      </symbol>
      <symbol id="sm-47e">
         <name>SysTick__enInitUs</name>
         <value>0x156d</value>
         <object_component_ref idref="oc-f8"/>
      </symbol>
      <symbol id="sm-47f">
         <name>SysTick_fUsTick</name>
         <value>0x20001074</value>
         <object_component_ref idref="oc-1b3"/>
      </symbol>
      <symbol id="sm-480">
         <name>SysTick_fFrecTick</name>
         <value>0x20001078</value>
         <object_component_ref idref="oc-1b3"/>
      </symbol>
      <symbol id="sm-481">
         <name>SysTick__fGetTimeUs</name>
         <value>0x1767</value>
         <object_component_ref idref="oc-f8"/>
      </symbol>
      <symbol id="sm-482">
         <name>SysTick__u32GetCurrentTick</name>
         <value>0x17b5</value>
         <object_component_ref idref="oc-f8"/>
      </symbol>
      <symbol id="sm-483">
         <name>SysTick_u32Count</name>
         <value>0x20001070</value>
         <object_component_ref idref="oc-1b3"/>
      </symbol>
      <symbol id="sm-484">
         <name>SysTick__fGetFrequency</name>
         <value>0x177f</value>
         <object_component_ref idref="oc-f8"/>
      </symbol>
      <symbol id="sm-485">
         <name>SysTick__u64GetCurrentCountTick</name>
         <value>0x17c5</value>
         <object_component_ref idref="oc-f8"/>
      </symbol>
      <symbol id="sm-486">
         <name>SysTick__u32GetMaxTick</name>
         <value>0x1825</value>
         <object_component_ref idref="oc-f8"/>
      </symbol>
      <symbol id="sm-490">
         <name>__aeabi_f2ulz</name>
         <value>0x2a49</value>
         <object_component_ref idref="oc-1bb"/>
      </symbol>
      <symbol id="sm-499">
         <name>__aeabi_lmul</name>
         <value>0x2bb9</value>
         <object_component_ref idref="oc-1b6"/>
      </symbol>
      <symbol id="sm-4b2">
         <name>__TI_zero_init_nomemset</name>
         <value>0x2b81</value>
         <object_component_ref idref="oc-4d"/>
      </symbol>
      <symbol id="sm-4c9">
         <name>__TI_decompress_none</name>
         <value>0x2c51</value>
         <object_component_ref idref="oc-1e"/>
      </symbol>
      <symbol id="sm-4ec">
         <name>__TI_decompress_lzss</name>
         <value>0x29e1</value>
         <object_component_ref idref="oc-18"/>
      </symbol>
      <symbol id="sm-56b">
         <name>_sys_memory</name>
         <value>0x20007000</value>
         <object_component_ref idref="oc-27"/>
      </symbol>
      <symbol id="sm-56c">
         <name>free</name>
         <value>0x24dd</value>
         <object_component_ref idref="oc-1d7"/>
      </symbol>
      <symbol id="sm-56d">
         <name>memalign</name>
         <value>0x23ed</value>
         <object_component_ref idref="oc-1d1"/>
      </symbol>
      <symbol id="sm-56e">
         <name>aligned_alloc</name>
         <value>0x23ed</value>
         <object_component_ref idref="oc-1d1"/>
      </symbol>
      <symbol id="sm-587">
         <name>__stack</name>
         <value>0x20007e00</value>
         <object_component_ref idref="oc-2a"/>
      </symbol>
      <symbol id="sm-588">
         <name>_c_int00_noargs</name>
         <value>0x2b25</value>
         <object_component_ref idref="oc-5f"/>
      </symbol>
      <symbol id="sm-5a3">
         <name>memcpy</name>
         <value>0x27e1</value>
         <object_component_ref idref="oc-41"/>
      </symbol>
      <symbol id="sm-5a4">
         <name>__aeabi_memcpy</name>
         <value>0x27e1</value>
         <object_component_ref idref="oc-41"/>
      </symbol>
      <symbol id="sm-5a5">
         <name>__aeabi_memcpy8</name>
         <value>0x27e1</value>
         <object_component_ref idref="oc-41"/>
      </symbol>
      <symbol id="sm-5a6">
         <name>__aeabi_memcpy4</name>
         <value>0x27e1</value>
         <object_component_ref idref="oc-41"/>
      </symbol>
      <symbol id="sm-5cf">
         <name>__TI_auto_init_nobinit_nopinit</name>
         <value>0x2ae1</value>
         <object_component_ref idref="oc-117"/>
      </symbol>
      <symbol id="sm-5d9">
         <name>_system_pre_init</name>
         <value>0x2c67</value>
         <object_component_ref idref="oc-9f"/>
      </symbol>
      <symbol id="sm-5e5">
         <name>C$$EXIT</name>
         <value>0x2c6b</value>
         <object_component_ref idref="oc-10b"/>
      </symbol>
      <symbol id="sm-5e6">
         <name>abort</name>
         <value>0x2c6b</value>
         <object_component_ref idref="oc-10b"/>
      </symbol>
      <symbol id="sm-5fb">
         <name>_nop</name>
         <value>0x2c6f</value>
         <object_component_ref idref="oc-278"/>
      </symbol>
      <symbol id="sm-5fc">
         <name>_lock</name>
         <value>0x20001088</value>
         <object_component_ref idref="oc-1e3"/>
      </symbol>
      <symbol id="sm-5fd">
         <name>_unlock</name>
         <value>0x2000108c</value>
         <object_component_ref idref="oc-1e3"/>
      </symbol>
      <symbol id="sm-5ff">
         <name>__TI_static_base__</name>
         <value>0x0</value>
      </symbol>
      <symbol id="sm-604">
         <name>__mpu_init</name>
         <value>0x0</value>
      </symbol>
      <symbol id="sm-605">
         <name>_system_post_cinit</name>
         <value>0x0</value>
      </symbol>
   </symbol_table>
   <title>Link successful</title>
</link_info>
